CRITICAL - 2025-12-17 14:44:19 --> ErrorException: Undefined variable $routes
[Method: GET, Route: /]
in APPPATH\Config\Routing.php on line 8.
 1 APPPATH\Config\Routing.php(8): CodeIgniter\Debug\Exceptions->errorHandler(2, 'Undefined variable $routes', 'C:\\xampp\\htdocs\\highSchoolSystem\\app\\Config\\Routing.php', 8)
 2 SYSTEMPATH\Autoloader\Autoloader.php(315): include_once('C:\\xampp\\htdocs\\highSchoolSystem\\app\\Config\\Routing.php')
 3 SYSTEMPATH\Autoloader\Autoloader.php(295): CodeIgniter\Autoloader\Autoloader->includeFile('C:\\xampp\\htdocs\\highSchoolSystem\\app\\Config\\Routing.php')
 4 SYSTEMPATH\Autoloader\Autoloader.php(271): CodeIgniter\Autoloader\Autoloader->loadInNamespace('Config\\Routing')
 5 [internal function]: CodeIgniter\Autoloader\Autoloader->loadClass('Config\\Routing')
 6 SYSTEMPATH\Config\Factories.php(298): class_exists('Config\\Routing')
 7 SYSTEMPATH\Config\Factories.php(217): CodeIgniter\Config\Factories::locateClass([...], 'Config\\Routing')
 8 SYSTEMPATH\Config\Factories.php(160): CodeIgniter\Config\Factories::getDefinedInstance([...], 'Config\\Routing', [])
 9 SYSTEMPATH\Config\Factories.php(189): CodeIgniter\Config\Factories::__callStatic('config', [])
10 SYSTEMPATH\Common.php(208): CodeIgniter\Config\Factories::get('config', 'Config\\Routing')
11 SYSTEMPATH\Config\Services.php(622): config('Config\\Routing')
12 SYSTEMPATH\Config\BaseService.php(312): CodeIgniter\Config\Services::routes(false)
13 SYSTEMPATH\Config\BaseService.php(251): CodeIgniter\Config\BaseService::__callStatic('routes', [...])
14 SYSTEMPATH\Config\Services.php(619): CodeIgniter\Config\BaseService::getSharedInstance('routes')
15 SYSTEMPATH\Config\BaseService.php(321): CodeIgniter\Config\Services::routes()
16 SYSTEMPATH\Config\BaseService.php(202): CodeIgniter\Config\BaseService::__callStatic('routes', [])
17 SYSTEMPATH\Common.php(1027): CodeIgniter\Config\BaseService::get('routes')
18 APPPATH\Config\Events.php(50): service('routes')
19 SYSTEMPATH\Events\Events.php(152): CodeIgniter\Events\Events::Config\{closure}()
20 SYSTEMPATH\CodeIgniter.php(339): CodeIgniter\Events\Events::trigger('pre_system')
21 SYSTEMPATH\Boot.php(363): CodeIgniter\CodeIgniter->run()
22 SYSTEMPATH\Boot.php(68): CodeIgniter\Boot::runCodeIgniter(Object(CodeIgniter\CodeIgniter))
23 FCPATH\index.php(59): CodeIgniter\Boot::bootWeb(Object(Config\Paths))
CRITICAL - 2025-12-17 14:45:03 --> ErrorException: Undefined variable $routes
[Method: GET, Route: /]
in APPPATH\Config\Routing.php on line 8.
 1 APPPATH\Config\Routing.php(8): CodeIgniter\Debug\Exceptions->errorHandler(2, 'Undefined variable $routes', 'C:\\xampp\\htdocs\\highSchoolSystem\\app\\Config\\Routing.php', 8)
 2 SYSTEMPATH\Autoloader\Autoloader.php(315): include_once('C:\\xampp\\htdocs\\highSchoolSystem\\app\\Config\\Routing.php')
 3 SYSTEMPATH\Autoloader\Autoloader.php(295): CodeIgniter\Autoloader\Autoloader->includeFile('C:\\xampp\\htdocs\\highSchoolSystem\\app\\Config\\Routing.php')
 4 SYSTEMPATH\Autoloader\Autoloader.php(271): CodeIgniter\Autoloader\Autoloader->loadInNamespace('Config\\Routing')
 5 [internal function]: CodeIgniter\Autoloader\Autoloader->loadClass('Config\\Routing')
 6 SYSTEMPATH\Config\Factories.php(298): class_exists('Config\\Routing')
 7 SYSTEMPATH\Config\Factories.php(217): CodeIgniter\Config\Factories::locateClass([...], 'Config\\Routing')
 8 SYSTEMPATH\Config\Factories.php(160): CodeIgniter\Config\Factories::getDefinedInstance([...], 'Config\\Routing', [])
 9 SYSTEMPATH\Config\Factories.php(189): CodeIgniter\Config\Factories::__callStatic('config', [])
10 SYSTEMPATH\Common.php(208): CodeIgniter\Config\Factories::get('config', 'Config\\Routing')
11 SYSTEMPATH\Config\Services.php(622): config('Config\\Routing')
12 SYSTEMPATH\Config\BaseService.php(312): CodeIgniter\Config\Services::routes(false)
13 SYSTEMPATH\Config\BaseService.php(251): CodeIgniter\Config\BaseService::__callStatic('routes', [...])
14 SYSTEMPATH\Config\Services.php(619): CodeIgniter\Config\BaseService::getSharedInstance('routes')
15 SYSTEMPATH\Config\BaseService.php(321): CodeIgniter\Config\Services::routes()
16 SYSTEMPATH\Config\BaseService.php(202): CodeIgniter\Config\BaseService::__callStatic('routes', [])
17 SYSTEMPATH\Common.php(1027): CodeIgniter\Config\BaseService::get('routes')
18 APPPATH\Config\Events.php(50): service('routes')
19 SYSTEMPATH\Events\Events.php(152): CodeIgniter\Events\Events::Config\{closure}()
20 SYSTEMPATH\CodeIgniter.php(339): CodeIgniter\Events\Events::trigger('pre_system')
21 SYSTEMPATH\Boot.php(363): CodeIgniter\CodeIgniter->run()
22 SYSTEMPATH\Boot.php(68): CodeIgniter\Boot::runCodeIgniter(Object(CodeIgniter\CodeIgniter))
23 FCPATH\index.php(59): CodeIgniter\Boot::bootWeb(Object(Config\Paths))
CRITICAL - 2025-12-17 14:49:20 --> CodeIgniter\View\Exceptions\ViewException: Invalid file: "Login.php"
[Method: GET, Route: /]
in SYSTEMPATH\Exceptions\FrameworkException.php on line 39.
 1 SYSTEMPATH\View\View.php(214): CodeIgniter\Exceptions\FrameworkException::forInvalidFile('Login.php')
 2 SYSTEMPATH\Common.php(1199): CodeIgniter\View\View->render('Login', [], true)
 3 APPPATH\Controllers\Auth.php(9): view('Login')
 4 SYSTEMPATH\CodeIgniter.php(933): App\Controllers\Auth->index()
 5 SYSTEMPATH\CodeIgniter.php(507): CodeIgniter\CodeIgniter->runController(Object(App\Controllers\Auth))
 6 SYSTEMPATH\CodeIgniter.php(354): CodeIgniter\CodeIgniter->handleRequest(null, Object(Config\Cache), false)
 7 SYSTEMPATH\Boot.php(363): CodeIgniter\CodeIgniter->run()
 8 SYSTEMPATH\Boot.php(68): CodeIgniter\Boot::runCodeIgniter(Object(CodeIgniter\CodeIgniter))
 9 FCPATH\index.php(59): CodeIgniter\Boot::bootWeb(Object(Config\Paths))
CRITICAL - 2025-12-17 14:54:20 --> CodeIgniter\View\Exceptions\ViewException: Invalid file: "Login.php"
[Method: GET, Route: /]
in SYSTEMPATH\Exceptions\FrameworkException.php on line 39.
 1 SYSTEMPATH\View\View.php(214): CodeIgniter\Exceptions\FrameworkException::forInvalidFile('Login.php')
 2 SYSTEMPATH\Common.php(1199): CodeIgniter\View\View->render('Login', [], true)
 3 APPPATH\Controllers\Auth.php(9): view('Login')
 4 SYSTEMPATH\CodeIgniter.php(933): App\Controllers\Auth->index()
 5 SYSTEMPATH\CodeIgniter.php(507): CodeIgniter\CodeIgniter->runController(Object(App\Controllers\Auth))
 6 SYSTEMPATH\CodeIgniter.php(354): CodeIgniter\CodeIgniter->handleRequest(null, Object(Config\Cache), false)
 7 SYSTEMPATH\Boot.php(363): CodeIgniter\CodeIgniter->run()
 8 SYSTEMPATH\Boot.php(68): CodeIgniter\Boot::runCodeIgniter(Object(CodeIgniter\CodeIgniter))
 9 FCPATH\index.php(59): CodeIgniter\Boot::bootWeb(Object(Config\Paths))
