CRITICAL - 2026-02-22 04:13:19 --> CodeIgniter\View\Exceptions\ViewException: Invalid file: "PageOut/keterampilan_detail.php"
[Method: GET, Route: outketerampilan/3]
in SYSTEMPATH\Exceptions\FrameworkException.php on line 39.
 1 SYSTEMPATH\View\View.php(214): CodeIgniter\Exceptions\FrameworkException::forInvalidFile('PageOut/keterampilan_detail.php')
 2 SYSTEMPATH\Common.php(1199): CodeIgniter\View\View->render('PageOut/keterampilan_detail', [], true)
 3 APPPATH\Controllers\Keterampilan.php(85): view('PageOut/keterampilan_detail', [...])
 4 SYSTEMPATH\CodeIgniter.php(933): App\Controllers\Keterampilan->detail('3')
 5 SYSTEMPATH\CodeIgniter.php(507): CodeIgniter\CodeIgniter->runController(Object(App\Controllers\Keterampilan))
 6 SYSTEMPATH\CodeIgniter.php(354): CodeIgniter\CodeIgniter->handleRequest(null, Object(Config\Cache), false)
 7 SYSTEMPATH\Boot.php(363): CodeIgniter\CodeIgniter->run()
 8 SYSTEMPATH\Boot.php(68): CodeIgniter\Boot::runCodeIgniter(Object(CodeIgniter\CodeIgniter))
 9 FCPATH\index.php(59): CodeIgniter\Boot::bootWeb(Object(Config\Paths))
CRITICAL - 2026-02-22 05:26:20 --> CodeIgniter\View\Exceptions\ViewException: Invalid file: "out/ptmt_detail.php"
[Method: GET, Route: outptmt/2]
in SYSTEMPATH\Exceptions\FrameworkException.php on line 39.
 1 SYSTEMPATH\View\View.php(214): CodeIgniter\Exceptions\FrameworkException::forInvalidFile('out/ptmt_detail.php')
 2 SYSTEMPATH\Common.php(1199): CodeIgniter\View\View->render('out/ptmt_detail', [], true)
 3 APPPATH\Controllers\Ptmt.php(83): view('out/ptmt_detail', [...])
 4 SYSTEMPATH\CodeIgniter.php(933): App\Controllers\Ptmt->detail('2')
 5 SYSTEMPATH\CodeIgniter.php(507): CodeIgniter\CodeIgniter->runController(Object(App\Controllers\Ptmt))
 6 SYSTEMPATH\CodeIgniter.php(354): CodeIgniter\CodeIgniter->handleRequest(null, Object(Config\Cache), false)
 7 SYSTEMPATH\Boot.php(363): CodeIgniter\CodeIgniter->run()
 8 SYSTEMPATH\Boot.php(68): CodeIgniter\Boot::runCodeIgniter(Object(CodeIgniter\CodeIgniter))
 9 FCPATH\index.php(59): CodeIgniter\Boot::bootWeb(Object(Config\Paths))
DEBUG - 2026-02-22 14:51:36 --> Session: Class initialized using 'CodeIgniter\Session\Handlers\FileHandler' driver.
DEBUG - 2026-02-22 14:51:36 --> Session: Class initialized using 'CodeIgniter\Session\Handlers\FileHandler' driver.
DEBUG - 2026-02-22 14:51:44 --> Session: Class initialized using 'CodeIgniter\Session\Handlers\FileHandler' driver.
DEBUG - 2026-02-22 14:51:44 --> Session: Class initialized using 'CodeIgniter\Session\Handlers\FileHandler' driver.
DEBUG - 2026-02-22 14:51:50 --> Session: Class initialized using 'CodeIgniter\Session\Handlers\FileHandler' driver.
DEBUG - 2026-02-22 14:58:04 --> Session: Class initialized using 'CodeIgniter\Session\Handlers\FileHandler' driver.
CRITICAL - 2026-02-22 15:13:29 --> ErrorException: Undefined array key "teacher_id"
[Method: GET, Route: profile-teacher]
in APPPATH\Views\Page\profileTeacher.php on line 82.
 1 APPPATH\Views\Page\profileTeacher.php(82): CodeIgniter\Debug\Exceptions->errorHandler(2, 'Undefined array key "teacher_id"', 'C:\\xampp\\htdocs\\highSchoolSystem\\app\\Views\\Page\\profileTeacher.php', 82)
 2 SYSTEMPATH\View\View.php(226): include('C:\\xampp\\htdocs\\highSchoolSystem\\app\\Views\\Page\\profileTeacher.php')
 3 SYSTEMPATH\View\View.php(229): CodeIgniter\View\View->CodeIgniter\View\{closure}()
 4 SYSTEMPATH\Common.php(1199): CodeIgniter\View\View->render('Page/profileTeacher', [], true)
 5 APPPATH\Controllers\ProfileTeacher.php(19): view('Page/profileTeacher', [...])
 6 SYSTEMPATH\CodeIgniter.php(933): App\Controllers\ProfileTeacher->index()
 7 SYSTEMPATH\CodeIgniter.php(507): CodeIgniter\CodeIgniter->runController(Object(App\Controllers\ProfileTeacher))
 8 SYSTEMPATH\CodeIgniter.php(354): CodeIgniter\CodeIgniter->handleRequest(null, Object(Config\Cache), false)
 9 SYSTEMPATH\Boot.php(363): CodeIgniter\CodeIgniter->run()
10 SYSTEMPATH\Boot.php(68): CodeIgniter\Boot::runCodeIgniter(Object(CodeIgniter\CodeIgniter))
11 FCPATH\index.php(59): CodeIgniter\Boot::bootWeb(Object(Config\Paths))
DEBUG - 2026-02-22 15:18:29 --> Session: Class initialized using 'CodeIgniter\Session\Handlers\FileHandler' driver.
DEBUG - 2026-02-22 15:18:29 --> Session: Class initialized using 'CodeIgniter\Session\Handlers\FileHandler' driver.
DEBUG - 2026-02-22 15:19:56 --> Session: Class initialized using 'CodeIgniter\Session\Handlers\FileHandler' driver.
